LOAD 'enforce_workers';
-- enforce_workers offers partial paths for every relation, and this file is
-- about join methods only, so keep parallelism out of the plans.
SET max_parallel_workers_per_gather = 0;
CREATE TABLE nlg_drv (id int, id2 int, k int);
CREATE TABLE nlg_idx (id int primary key);
CREATE TABLE nlg_idx2 (id int primary key);
CREATE TABLE nlg_tiny (k int);
-- nlg_drv keys are spread across the whole range of nlg_idx, so that a merge
-- join cannot stop early and the index nested loop is the plan to beat.
INSERT INTO nlg_drv SELECT i * 5000, i * 5000 + 1, i % 5
  FROM generate_series(1, 20) i;
INSERT INTO nlg_idx SELECT i FROM generate_series(1, 100000) i;
INSERT INTO nlg_idx2 SELECT i FROM generate_series(1, 100000) i;
INSERT INTO nlg_tiny SELECT i FROM generate_series(0, 4) i;
VACUUM ANALYZE nlg_drv;
VACUUM ANALYZE nlg_idx;
VACUUM ANALYZE nlg_idx2;
VACUUM ANALYZE nlg_tiny;
-- The module is active from the moment the library is loaded.
SHOW nlguard.mode;
 nlguard.mode 
--------------
 on
(1 row)

-- Every block below states the mode it runs in rather than leaning on the
-- default, so that this file keeps testing the same things if the default
-- ever moves again.
--
-- A plain nested loop: one outer row, inner side read whole.  This is the
-- shape the module refuses.
--
SET nlguard.mode = off;
EXPLAIN (COSTS OFF)
SELECT * FROM nlg_drv d JOIN nlg_tiny t ON t.k = d.k WHERE d.id = 5000;
          QUERY PLAN          
------------------------------
 Nested Loop
   Join Filter: (d.k = t.k)
   ->  Seq Scan on nlg_drv d
         Filter: (id = 5000)
   ->  Seq Scan on nlg_tiny t
(5 rows)

SET nlguard.mode = on;
EXPLAIN (COSTS OFF)
SELECT * FROM nlg_drv d JOIN nlg_tiny t ON t.k = d.k WHERE d.id = 5000;
            QUERY PLAN             
-----------------------------------
 Hash Join
   Hash Cond: (t.k = d.k)
   ->  Seq Scan on nlg_tiny t
   ->  Hash
         ->  Seq Scan on nlg_drv d
               Filter: (id = 5000)
(6 rows)

--
-- An index nested loop: the inner path is parameterised by the outer
-- relation, so it is not read whole.  It must survive untouched.
--
SET nlguard.mode = off;
EXPLAIN (COSTS OFF)
SELECT * FROM nlg_drv d JOIN nlg_idx i ON i.id = d.id;
                      QUERY PLAN                       
-------------------------------------------------------
 Nested Loop
   ->  Seq Scan on nlg_drv d
   ->  Index Only Scan using nlg_idx_pkey on nlg_idx i
         Index Cond: (id = d.id)
(4 rows)

SET nlguard.mode = on;
EXPLAIN (COSTS OFF)
SELECT * FROM nlg_drv d JOIN nlg_idx i ON i.id = d.id;
                      QUERY PLAN                       
-------------------------------------------------------
 Nested Loop
   ->  Seq Scan on nlg_drv d
   ->  Index Only Scan using nlg_idx_pkey on nlg_idx i
         Index Cond: (id = d.id)
(4 rows)

--
-- Both shapes in one query.  add_paths_to_joinrel() runs once per pair of
-- input relations and joinrel->pathlist accumulates across those calls, so a
-- policy that judged a path against the hook's current arguments rather than
-- against the path itself would mistake these index nested loops for plain
-- ones.  Both must survive; only the nlg_tiny join may change.
--
SET nlguard.mode = off;
EXPLAIN (COSTS OFF)
SELECT * FROM nlg_drv d
  JOIN nlg_idx  i ON i.id = d.id
  JOIN nlg_idx2 j ON j.id = d.id2
  JOIN nlg_tiny t ON t.k = d.k;
                            QUERY PLAN                             
-------------------------------------------------------------------
 Nested Loop
   Join Filter: (d.k = t.k)
   ->  Nested Loop
         ->  Nested Loop
               ->  Seq Scan on nlg_drv d
               ->  Index Only Scan using nlg_idx_pkey on nlg_idx i
                     Index Cond: (id = d.id)
         ->  Index Only Scan using nlg_idx2_pkey on nlg_idx2 j
               Index Cond: (id = d.id2)
   ->  Materialize
         ->  Seq Scan on nlg_tiny t
(11 rows)

SET nlguard.mode = on;
EXPLAIN (COSTS OFF)
SELECT * FROM nlg_drv d
  JOIN nlg_idx  i ON i.id = d.id
  JOIN nlg_idx2 j ON j.id = d.id2
  JOIN nlg_tiny t ON t.k = d.k;
                            QUERY PLAN                             
-------------------------------------------------------------------
 Nested Loop
   ->  Hash Join
         Hash Cond: (d.k = t.k)
         ->  Nested Loop
               ->  Seq Scan on nlg_drv d
               ->  Index Only Scan using nlg_idx_pkey on nlg_idx i
                     Index Cond: (id = d.id)
         ->  Hash
               ->  Seq Scan on nlg_tiny t
   ->  Index Only Scan using nlg_idx2_pkey on nlg_idx2 j
         Index Cond: (id = d.id2)
(11 rows)

--
-- A LIMIT means somebody wants rows early, so the module stays out.
--
SET nlguard.mode = on;
EXPLAIN (COSTS OFF)
SELECT * FROM nlg_drv d JOIN nlg_tiny t ON t.k = d.k WHERE d.id = 5000 LIMIT 1;
             QUERY PLAN             
------------------------------------
 Limit
   ->  Nested Loop
         Join Filter: (d.k = t.k)
         ->  Seq Scan on nlg_drv d
               Filter: (id = 5000)
         ->  Seq Scan on nlg_tiny t
(6 rows)

-- Same question at cursor level, through cursor_tuple_fraction.
EXPLAIN (COSTS OFF)
DECLARE nlg_cur CURSOR FOR
SELECT * FROM nlg_drv d JOIN nlg_tiny t ON t.k = d.k WHERE d.id = 5000;
          QUERY PLAN          
------------------------------
 Nested Loop
   Join Filter: (d.k = t.k)
   ->  Seq Scan on nlg_drv d
         Filter: (id = 5000)
   ->  Seq Scan on nlg_tiny t
(5 rows)

--
-- A semijoin stops after the first match, so the inner side is not read
-- whole and the nested loop is left alone.
--
EXPLAIN (COSTS OFF)
SELECT * FROM nlg_drv d
WHERE EXISTS (SELECT 1 FROM nlg_tiny t WHERE t.k = d.k) AND d.id = 5000;
          QUERY PLAN          
------------------------------
 Nested Loop Semi Join
   Join Filter: (d.k = t.k)
   ->  Seq Scan on nlg_drv d
         Filter: (id = 5000)
   ->  Seq Scan on nlg_tiny t
(5 rows)

-- An antijoin stops at the first match too.
EXPLAIN (COSTS OFF)
SELECT * FROM nlg_drv d
WHERE NOT EXISTS (SELECT 1 FROM nlg_tiny t WHERE t.k = d.k) AND d.id = 5000;
          QUERY PLAN          
------------------------------
 Nested Loop Anti Join
   Join Filter: (t.k = d.k)
   ->  Seq Scan on nlg_drv d
         Filter: (id = 5000)
   ->  Seq Scan on nlg_tiny t
(5 rows)

--
-- inner_unique is the third way to stop early, and the only one that is not
-- visible in the join type.  A DISTINCT subquery on the inner side gives the
-- planner what it needs to prove it, without an index that would make this a
-- parameterised nested loop instead.
--
EXPLAIN (COSTS OFF)
SELECT * FROM nlg_drv d
  JOIN (SELECT DISTINCT k FROM nlg_tiny) u ON u.k = d.k
WHERE d.id = 5000;
            QUERY PLAN             
-----------------------------------
 Nested Loop
   Join Filter: (d.k = nlg_tiny.k)
   ->  Seq Scan on nlg_drv d
         Filter: (id = 5000)
   ->  HashAggregate
         Group Key: nlg_tiny.k
         ->  Seq Scan on nlg_tiny
(7 rows)

--
-- No join clause at all.  Nothing but a nested loop can execute this, so the
-- second pass has nothing to offer and the penalised loop is the plan.
--
EXPLAIN (COSTS OFF)
SELECT * FROM nlg_drv d, nlg_tiny t WHERE d.id = 5000;
          QUERY PLAN          
------------------------------
 Nested Loop
   Disabled: true
   ->  Seq Scan on nlg_drv d
         Filter: (id = 5000)
   ->  Seq Scan on nlg_tiny t
(5 rows)

SELECT count(*) FROM nlg_drv d, nlg_tiny t WHERE d.id = 5000;
 count 
-------
     5
(1 row)

--
-- No hashable and no mergeable clause: the second pass finds no alternative,
-- the penalised nested loop stays, and planning still succeeds.  The node is
-- reported as disabled, which is how a plan shows that this module acted.
--
SET nlguard.mode = on;
EXPLAIN (COSTS OFF)
SELECT * FROM nlg_drv d JOIN nlg_tiny t ON t.k > d.k WHERE d.id = 5000;
            QUERY PLAN             
-----------------------------------
 Nested Loop
   Disabled: true
   Join Filter: (t.k > d.k)
   ->  Seq Scan on nlg_tiny t
   ->  Materialize
         ->  Seq Scan on nlg_drv d
               Filter: (id = 5000)
(7 rows)

SELECT count(*) FROM nlg_drv d JOIN nlg_tiny t ON t.k > d.k WHERE d.id = 5000;
 count 
-------
     3
(1 row)

--
-- With enable_nestloop already off, every nested loop carries a penalty
-- before we look at it, so the module finds nothing to do and the plan is the
-- one the core would have produced on its own.
--
SET enable_nestloop = off;
SET nlguard.mode = off;
EXPLAIN (COSTS OFF)
SELECT * FROM nlg_drv d JOIN nlg_tiny t ON t.k > d.k WHERE d.id = 5000;
          QUERY PLAN          
------------------------------
 Nested Loop
   Disabled: true
   Join Filter: (t.k > d.k)
   ->  Seq Scan on nlg_drv d
         Filter: (id = 5000)
   ->  Seq Scan on nlg_tiny t
(6 rows)

SET nlguard.mode = on;
EXPLAIN (COSTS OFF)
SELECT * FROM nlg_drv d JOIN nlg_tiny t ON t.k > d.k WHERE d.id = 5000;
          QUERY PLAN          
------------------------------
 Nested Loop
   Disabled: true
   Join Filter: (t.k > d.k)
   ->  Seq Scan on nlg_drv d
         Filter: (id = 5000)
   ->  Seq Scan on nlg_tiny t
(6 rows)

RESET enable_nestloop;
--
-- log mode reports and changes nothing.  The estimates the module reports
-- live in the detail field, which terse verbosity hides, so that this test
-- does not depend on them.
--
SET nlguard.mode = log;
SET nlguard.log_level = notice;
\set VERBOSITY terse
EXPLAIN (COSTS OFF)
SELECT * FROM nlg_drv d JOIN nlg_tiny t ON t.k = d.k WHERE d.id = 5000;
NOTICE:  nlguard: would penalise nested loop over join (1 2)
          QUERY PLAN          
------------------------------
 Nested Loop
   Join Filter: (d.k = t.k)
   ->  Seq Scan on nlg_drv d
         Filter: (id = 5000)
   ->  Seq Scan on nlg_tiny t
(5 rows)

\set VERBOSITY default
RESET nlguard.log_level;
--
-- The rewritten plan must return the same rows as the original one.
--
SET nlguard.mode = off;
SELECT count(*), sum(d.id) FROM nlg_drv d JOIN nlg_tiny t ON t.k = d.k;
 count |   sum   
-------+---------
    20 | 1050000
(1 row)

SET nlguard.mode = on;
SELECT count(*), sum(d.id) FROM nlg_drv d JOIN nlg_tiny t ON t.k = d.k;
 count |   sum   
-------+---------
    20 | 1050000
(1 row)

DROP TABLE nlg_drv, nlg_idx, nlg_idx2, nlg_tiny;
